Invoking: prisma generate && next build --webpack 
Loaded Prisma config from prisma.config.ts.

Prisma schema loaded from prisma\schema.prisma.

✔ Generated Prisma Client (7.8.0) to .\generated\prisma in 112ms

▲ Next.js 16.2.10 (webpack)
- Environments: .env

  Creating an optimized production build ...
✓ Compiled successfully in 13.9s
  Running TypeScript ...
  Finished TypeScript in 20.0s ...
  Collecting page data using 11 workers ...
  Generating static pages using 11 workers (0/13) ...
  Generating static pages using 11 workers (3/13) 
  Generating static pages using 11 workers (6/13) 
  Generating static pages using 11 workers (9/13) 
✓ Generating static pages using 11 workers (13/13) in 566ms
  Finalizing page optimization ...
  Collecting build traces ...

Route (app)
┌ ƒ /
├ ○ /_not-found
├ ƒ /[orgSlug]
├ ƒ /[orgSlug]/[...rest]
├ ƒ /[orgSlug]/archived-tickets
├ ƒ /[orgSlug]/asset-maintenance
├ ƒ /[orgSlug]/assets
├ ƒ /[orgSlug]/attendance
├ ƒ /[orgSlug]/attendance-report
├ ƒ /[orgSlug]/attendance/list
├ ƒ /[orgSlug]/attendance/month
├ ƒ /[orgSlug]/attendance/week
├ ƒ /[orgSlug]/candidates
├ ƒ /[orgSlug]/candidates/[jobSlug]
├ ƒ /[orgSlug]/candidates/[jobSlug]/[applicationId]
├ ƒ /[orgSlug]/candidates/[jobSlug]/kanban
├ ƒ /[orgSlug]/candidates/[jobSlug]/overview
├ ƒ /[orgSlug]/candidates/[jobSlug]/stage/[stageSlug]
├ ƒ /[orgSlug]/candidates/[jobSlug]/table
├ ƒ /[orgSlug]/candidates/stage/[stageSlug]
├ ƒ /[orgSlug]/debug-google
├ ƒ /[orgSlug]/departments
├ ƒ /[orgSlug]/document-collection/[templateId]
├ ƒ /[orgSlug]/document-collection/new
├ ƒ /[orgSlug]/documents
├ ƒ /[orgSlug]/employees
├ ƒ /[orgSlug]/employees/[memberId]
├ ƒ /[orgSlug]/employees/deactivated
├ ƒ /[orgSlug]/helpdesk
├ ƒ /[orgSlug]/interviews
├ ƒ /[orgSlug]/jobs
├ ƒ /[orgSlug]/jobs/[jobSlug]
├ ƒ /[orgSlug]/jobs/[jobSlug]/ai-analyzed
├ ƒ /[orgSlug]/jobs/[jobSlug]/edit
├ ƒ /[orgSlug]/jobs/new
├ ƒ /[orgSlug]/leaves
├ ƒ /[orgSlug]/leaves/balances
├ ƒ /[orgSlug]/leaves/calendar
├ ƒ /[orgSlug]/leaves/history
├ ƒ /[orgSlug]/leaves/holidays
├ ƒ /[orgSlug]/leaves/leave-types
├ ƒ /[orgSlug]/leaves/requests
├ ƒ /[orgSlug]/leaves/summary
├ ƒ /[orgSlug]/maintenance
├ ƒ /[orgSlug]/notifications
├ ƒ /[orgSlug]/offer/[templateId]
├ ƒ /[orgSlug]/offer/new
├ ƒ /[orgSlug]/permissions
├ ƒ /[orgSlug]/permissions/[roleId]/edit
├ ƒ /[orgSlug]/permissions/create
├ ƒ /[orgSlug]/procurement
├ ƒ /[orgSlug]/procurement/purchase-orders/[requisitionId]
├ ƒ /[orgSlug]/projects
├ ƒ /[orgSlug]/recruitment-report
├ ƒ /[orgSlug]/resume-parser
├ ƒ /[orgSlug]/settings
├ ƒ /[orgSlug]/settings/account
├ ƒ /[orgSlug]/stage/[stageSlug]
├ ƒ /[orgSlug]/timesheet
├ ƒ /[orgSlug]/timesheet/work-logs
├ ƒ /[orgSlug]/weekly-plan
├ ƒ /api/auth/[[...all]]
├ ƒ /api/auth/complete-onboarding
├ ƒ /api/organizations/[slug]
├ ○ /careers
├ ƒ /careers/[jobId]
├ ƒ /create-organization
├ ƒ /document-collection/[token]
├ ƒ /document-submission/[token]
├ ƒ /feedback/[token]
├ ƒ /interview/[token]
├ ƒ /login
├ ƒ /onboarding
├ ƒ /organizations
├ ƒ /post-auth
├ ○ /signup
└ ○ /verify-email


○  (Static)   prerendered as static content
ƒ  (Dynamic)  server-rendered on demand

